Manifestment mini_fwrite fonctionne bien :)
ABC
